// Jest Snapshot v1, https://goo.gl/fbAQLP

exports[`(Component) Header testing Header  1`] = `
<form
  onSubmit={[Function]}
>
  <header
    className="main-header has-save-and-exit test"
    role="banner"
  >
    <div
      className="container"
    >
      <div
        className="row"
      >
        <div
          className="col-xs-3 col-sm-2"
        >
          <h1
            className="logo"
          >
            Covered California
          </h1>
        </div>
        <div
          className="btn-column col-xs-9 col-sm-10 text-right"
        >
          <div
            className="locale-menu open en"
          >
            <button
              className="btn btn-toggle hidden-sm hidden-md hidden-lg"
              onClick={[Function]}
            >
              <span
                className="sr-only"
              >
                <span>
                  Open language menu
                </span>
              </span>
            </button>
            <form
              className="locale-options"
              onSubmit={[Function]}
            >
              <div
                className="form-group segmented-control"
              >
                
                
                <div
                  className="controls"
                >
                  <span>
                    <button
                      className="segmented-option btn selected btn-primary"
                      data-value="en"
                      disabled={false}
                      id="locale-options-0"
                      onBlur={[Function]}
                      onClick={[Function]}
                    >
                      <span
                        className="wrapper-text"
                      >
                        English
                      </span>
                    </button>
                  </span>
                  <span>
                    <button
                      className="segmented-option btn btn-default"
                      data-value="es"
                      disabled={false}
                      id="locale-options-1"
                      onBlur={[Function]}
                      onClick={[Function]}
                    >
                      <span
                        className="wrapper-text"
                      >
                        Espaï¿½ol
                      </span>
                    </button>
                  </span>
                </div>
                
                
              </div>
            </form>
          </div>
        </div>
      </div>
    </div>
  </header>
</form>
`;
